{
  "items": [
    {
      "@type": "Travel",
      "@id": @integer@,
      "name": "Current Travel",
      "summary": "Lorem 1's current travel",
      "dateStart": @string@,
      "dateEnd": @string@
    },
    {
      "@type": "Travel",
      "@id": @integer@,
      "name": "Future Travel 1",
      "summary": "Lorem 1's future travel",
      "dateStart": @string@,
      "dateEnd": @string@
    },
    {
      "@type": "Travel",
      "@id": @integer@,
      "name": "Future Travel 2",
      "summary": "Lorem 1's future travel",
      "dateStart": @string@,
      "dateEnd": @string@
    },
    {
      "@type": "Travel",
      "@id": @integer@,
      "name": "Future Travel 3",
      "summary": "Lorem 1's future travel",
      "dateStart": @string@,
      "dateEnd": @string@
    },
    {
      "@type": "Travel",
      "@id": @integer@,
      "name": "Future Travel 4",
      "summary": "Lorem 1's future travel",
      "dateStart": @string@,
      "dateEnd": @string@
    }
  ],
  "count": 5,
  "total": 5,
  "pagination": {
    "current": 1,
    "first": 1,
    "last": 1,
    "next": null,
    "previous": null
  }
}
